--------------------------------------------------------------------------------
Release 7.1.01i Trace H.39
Copyright (c) 1995-2005 Xilinx, Inc.  All rights reserved.

G:/xilinx/ise71/bin/nt/trce.exe -ise
g:\xilinx\projects\lab1\full_adder\Full_Adder.ise -intstyle ise -e 3 -l 3 -s 5
-xml sixteenbit_adder sixteenbit_adder.ncd -o sixteenbit_adder.twr
sixteenbit_adder.pcf


Design file:              sixteenbit_adder.ncd
Physical constraint file: sixteenbit_adder.pcf
Device,speed:             xc2v80,-5 (PRODUCTION 1.121 2005-02-23, STEPPING level 1)
Report level:             error report

Environment Variable      Effect 
--------------------      ------ 
NONE                      No environment variables were set
--------------------------------------------------------------------------------

INFO:Timing:2698 - No timing constraints found, doing default enumeration.
INFO:Timing:2752 - To get complete path coverage, use the unconstrained paths
   option. All paths that are not constrained will be reported in the
   unconstrained paths section(s) of the report.


Data Sheet report:
-----------------
All values displayed in nanoseconds (ns)

Pad to Pad
---------------+---------------+---------+
Source Pad     |Destination Pad|  Delay  |
---------------+---------------+---------+
A<0>           |Co             |   18.227|
A<0>           |S<0>           |    6.194|
A<0>           |S<10>          |   14.169|
A<0>           |S<11>          |   14.854|
A<0>           |S<12>          |   15.010|
A<0>           |S<13>          |   17.503|
A<0>           |S<14>          |   17.719|
A<0>           |S<15>          |   18.281|
A<0>           |S<1>           |    6.395|
A<0>           |S<2>           |    6.884|
A<0>           |S<3>           |    7.328|
A<0>           |S<4>           |    8.588|
A<0>           |S<5>           |    9.621|
A<0>           |S<6>           |   10.248|
A<0>           |S<7>           |   12.104|
A<0>           |S<8>           |   11.630|
A<0>           |S<9>           |   12.227|
A<10>          |Co             |    9.679|
A<10>          |S<10>          |    7.112|
A<10>          |S<11>          |    6.218|
A<10>          |S<12>          |    6.462|
A<10>          |S<13>          |    8.955|
A<10>          |S<14>          |    9.171|
A<10>          |S<15>          |    9.733|
A<11>          |Co             |    8.844|
A<11>          |S<11>          |    7.081|
A<11>          |S<12>          |    5.688|
A<11>          |S<13>          |    8.120|
A<11>          |S<14>          |    8.336|
A<11>          |S<15>          |    8.898|
A<12>          |Co             |    7.689|
A<12>          |S<12>          |    8.076|
A<12>          |S<13>          |    7.707|
A<12>          |S<14>          |    7.181|
A<12>          |S<15>          |    7.743|
A<13>          |Co             |    7.183|
A<13>          |S<13>          |    7.518|
A<13>          |S<14>          |    6.373|
A<13>          |S<15>          |    7.237|
A<14>          |Co             |    6.265|
A<14>          |S<14>          |    6.691|
A<14>          |S<15>          |    6.245|
A<15>          |Co             |    6.063|
A<15>          |S<15>          |    6.733|
A<1>           |Co             |   17.887|
A<1>           |S<10>          |   13.829|
A<1>           |S<11>          |   14.514|
A<1>           |S<12>          |   14.670|
A<1>           |S<13>          |   17.163|
A<1>           |S<14>          |   17.379|
A<1>           |S<15>          |   17.941|
A<1>           |S<1>           |    6.788|
A<1>           |S<2>           |    6.129|
A<1>           |S<3>           |    6.988|
A<1>           |S<4>           |    8.248|
A<1>           |S<5>           |    9.281|
A<1>           |S<6>           |    9.908|
A<1>           |S<7>           |   11.764|
A<1>           |S<8>           |   11.290|
A<1>           |S<9>           |   11.887|
A<2>           |Co             |   16.684|
A<2>           |S<10>          |   12.626|
A<2>           |S<11>          |   13.311|
A<2>           |S<12>          |   13.467|
A<2>           |S<13>          |   15.960|
A<2>           |S<14>          |   16.176|
A<2>           |S<15>          |   16.738|
A<2>           |S<2>           |    7.061|
A<2>           |S<3>           |    5.845|
A<2>           |S<4>           |    7.045|
A<2>           |S<5>           |    8.078|
A<2>           |S<6>           |    8.705|
A<2>           |S<7>           |   10.561|
A<2>           |S<8>           |   10.087|
A<2>           |S<9>           |   10.684|
A<3>           |Co             |   16.644|
A<3>           |S<10>          |   12.586|
A<3>           |S<11>          |   13.271|
A<3>           |S<12>          |   13.427|
A<3>           |S<13>          |   15.920|
A<3>           |S<14>          |   16.136|
A<3>           |S<15>          |   16.698|
A<3>           |S<3>           |    6.829|
A<3>           |S<4>           |    6.584|
A<3>           |S<5>           |    8.038|
A<3>           |S<6>           |    8.665|
A<3>           |S<7>           |   10.521|
A<3>           |S<8>           |   10.047|
A<3>           |S<9>           |   10.644|
A<4>           |Co             |   15.037|
A<4>           |S<10>          |   10.979|
A<4>           |S<11>          |   11.664|
A<4>           |S<12>          |   11.820|
A<4>           |S<13>          |   14.313|
A<4>           |S<14>          |   14.529|
A<4>           |S<15>          |   15.091|
A<4>           |S<4>           |    7.410|
A<4>           |S<5>           |    5.709|
A<4>           |S<6>           |    7.058|
A<4>           |S<7>           |    8.914|
A<4>           |S<8>           |    8.440|
A<4>           |S<9>           |    9.037|
A<5>           |Co             |   13.974|
A<5>           |S<10>          |    9.916|
A<5>           |S<11>          |   10.601|
A<5>           |S<12>          |   10.757|
A<5>           |S<13>          |   13.250|
A<5>           |S<14>          |   13.466|
A<5>           |S<15>          |   14.028|
A<5>           |S<5>           |    6.275|
A<5>           |S<6>           |    5.995|
A<5>           |S<7>           |    7.851|
A<5>           |S<8>           |    7.377|
A<5>           |S<9>           |    7.974|
A<6>           |Co             |   12.792|
A<6>           |S<10>          |    8.734|
A<6>           |S<11>          |    9.419|
A<6>           |S<12>          |    9.575|
A<6>           |S<13>          |   12.068|
A<6>           |S<14>          |   12.284|
A<6>           |S<15>          |   12.846|
A<6>           |S<6>           |    7.323|
A<6>           |S<7>           |    6.609|
A<6>           |S<8>           |    6.195|
A<6>           |S<9>           |    6.792|
A<7>           |Co             |   12.592|
A<7>           |S<10>          |    8.534|
A<7>           |S<11>          |    9.219|
A<7>           |S<12>          |    9.375|
A<7>           |S<13>          |   11.868|
A<7>           |S<14>          |   12.084|
A<7>           |S<15>          |   12.646|
A<7>           |S<7>           |    7.118|
A<7>           |S<8>           |    5.688|
A<7>           |S<9>           |    6.592|
A<8>           |Co             |   11.816|
A<8>           |S<10>          |    7.758|
A<8>           |S<11>          |    8.443|
A<8>           |S<12>          |    8.599|
A<8>           |S<13>          |   11.092|
A<8>           |S<14>          |   11.308|
A<8>           |S<15>          |   11.870|
A<8>           |S<8>           |    7.011|
A<8>           |S<9>           |    5.861|
A<9>           |Co             |   10.854|
A<9>           |S<10>          |    6.494|
A<9>           |S<11>          |    7.481|
A<9>           |S<12>          |    7.637|
A<9>           |S<13>          |   10.130|
A<9>           |S<14>          |   10.346|
A<9>           |S<15>          |   10.908|
A<9>           |S<9>           |    7.564|
B<0>           |Co             |   18.112|
B<0>           |S<0>           |    6.097|
B<0>           |S<10>          |   14.054|
B<0>           |S<11>          |   14.739|
B<0>           |S<12>          |   14.895|
B<0>           |S<13>          |   17.388|
B<0>           |S<14>          |   17.604|
B<0>           |S<15>          |   18.166|
B<0>           |S<1>           |    5.976|
B<0>           |S<2>           |    6.769|
B<0>           |S<3>           |    7.213|
B<0>           |S<4>           |    8.473|
B<0>           |S<5>           |    9.506|
B<0>           |S<6>           |   10.133|
B<0>           |S<7>           |   11.989|
B<0>           |S<8>           |   11.515|
B<0>           |S<9>           |   12.112|
B<10>          |Co             |    9.525|
B<10>          |S<10>          |    7.051|
B<10>          |S<11>          |    6.218|
B<10>          |S<12>          |    6.308|
B<10>          |S<13>          |    8.801|
B<10>          |S<14>          |    9.017|
B<10>          |S<15>          |    9.579|
B<11>          |Co             |    9.059|
B<11>          |S<11>          |    7.296|
B<11>          |S<12>          |    5.901|
B<11>          |S<13>          |    8.335|
B<11>          |S<14>          |    8.551|
B<11>          |S<15>          |    9.113|
B<12>          |Co             |    7.772|
B<12>          |S<12>          |    8.498|
B<12>          |S<13>          |    6.945|
B<12>          |S<14>          |    7.264|
B<12>          |S<15>          |    7.826|
B<13>          |Co             |    7.164|
B<13>          |S<13>          |    7.924|
B<13>          |S<14>          |    6.720|
B<13>          |S<15>          |    7.218|
B<14>          |Co             |    6.305|
B<14>          |S<14>          |    7.037|
B<14>          |S<15>          |    6.356|
B<15>          |Co             |    5.877|
B<15>          |S<15>          |    6.547|
B<1>           |Co             |   18.290|
B<1>           |S<10>          |   14.232|
B<1>           |S<11>          |   14.917|
B<1>           |S<12>          |   15.073|
B<1>           |S<13>          |   17.566|
B<1>           |S<14>          |   17.782|
B<1>           |S<15>          |   18.344|
B<1>           |S<1>           |    6.884|
B<1>           |S<2>           |    6.370|
B<1>           |S<3>           |    7.391|
B<1>           |S<4>           |    8.651|
B<1>           |S<5>           |    9.684|
B<1>           |S<6>           |   10.311|
B<1>           |S<7>           |   12.167|
B<1>           |S<8>           |   11.693|
B<1>           |S<9>           |   12.290|
B<2>           |Co             |   16.634|
B<2>           |S<10>          |   12.576|
B<2>           |S<11>          |   13.261|
B<2>           |S<12>          |   13.417|
B<2>           |S<13>          |   15.910|
B<2>           |S<14>          |   16.126|
B<2>           |S<15>          |   16.688|
B<2>           |S<2>           |    7.318|
B<2>           |S<3>           |    6.161|
B<2>           |S<4>           |    6.995|
B<2>           |S<5>           |    8.028|
B<2>           |S<6>           |    8.655|
B<2>           |S<7>           |   10.511|
B<2>           |S<8>           |   10.037|
B<2>           |S<9>           |   10.634|
B<3>           |Co             |   16.392|
B<3>           |S<10>          |   12.334|
B<3>           |S<11>          |   13.019|
B<3>           |S<12>          |   13.175|
B<3>           |S<13>          |   15.668|
B<3>           |S<14>          |   15.884|
B<3>           |S<15>          |   16.446|
B<3>           |S<3>           |    6.482|
B<3>           |S<4>           |    6.178|
B<3>           |S<5>           |    7.786|
B<3>           |S<6>           |    8.413|
B<3>           |S<7>           |   10.269|
B<3>           |S<8>           |    9.795|
B<3>           |S<9>           |   10.392|
B<4>           |Co             |   15.084|
B<4>           |S<10>          |   11.026|
B<4>           |S<11>          |   11.711|
B<4>           |S<12>          |   11.867|
B<4>           |S<13>          |   14.360|
B<4>           |S<14>          |   14.576|
B<4>           |S<15>          |   15.138|
B<4>           |S<4>           |    7.517|
B<4>           |S<5>           |    5.877|
B<4>           |S<6>           |    7.105|
B<4>           |S<7>           |    8.961|
B<4>           |S<8>           |    8.487|
B<4>           |S<9>           |    9.084|
B<5>           |Co             |   14.084|
B<5>           |S<10>          |   10.026|
B<5>           |S<11>          |   10.711|
B<5>           |S<12>          |   10.867|
B<5>           |S<13>          |   13.360|
B<5>           |S<14>          |   13.576|
B<5>           |S<15>          |   14.138|
B<5>           |S<5>           |    6.446|
B<5>           |S<6>           |    6.105|
B<5>           |S<7>           |    7.961|
B<5>           |S<8>           |    7.487|
B<5>           |S<9>           |    8.084|
B<6>           |Co             |   13.211|
B<6>           |S<10>          |    9.153|
B<6>           |S<11>          |    9.838|
B<6>           |S<12>          |    9.994|
B<6>           |S<13>          |   12.487|
B<6>           |S<14>          |   12.703|
B<6>           |S<15>          |   13.265|
B<6>           |S<6>           |    7.438|
B<6>           |S<7>           |    6.722|
B<6>           |S<8>           |    6.614|
B<6>           |S<9>           |    7.211|
B<7>           |Co             |   12.647|
B<7>           |S<10>          |    8.589|
B<7>           |S<11>          |    9.274|
B<7>           |S<12>          |    9.430|
B<7>           |S<13>          |   11.923|
B<7>           |S<14>          |   12.139|
B<7>           |S<15>          |   12.701|
B<7>           |S<7>           |    7.306|
B<7>           |S<8>           |    6.171|
B<7>           |S<9>           |    6.647|
B<8>           |Co             |   11.901|
B<8>           |S<10>          |    7.843|
B<8>           |S<11>          |    8.528|
B<8>           |S<12>          |    8.684|
B<8>           |S<13>          |   11.177|
B<8>           |S<14>          |   11.393|
B<8>           |S<15>          |   11.955|
B<8>           |S<8>           |    6.880|
B<8>           |S<9>           |    5.671|
B<9>           |Co             |   10.910|
B<9>           |S<10>          |    6.486|
B<9>           |S<11>          |    7.537|
B<9>           |S<12>          |    7.693|
B<9>           |S<13>          |   10.186|
B<9>           |S<14>          |   10.402|
B<9>           |S<15>          |   10.964|
B<9>           |S<9>           |    7.617|
Ci             |Co             |   18.259|
Ci             |S<0>           |    5.949|
Ci             |S<10>          |   14.201|
Ci             |S<11>          |   14.886|
Ci             |S<12>          |   15.042|
Ci             |S<13>          |   17.535|
Ci             |S<14>          |   17.751|
Ci             |S<15>          |   18.313|
Ci             |S<1>           |    6.430|
Ci             |S<2>           |    6.916|
Ci             |S<3>           |    7.360|
Ci             |S<4>           |    8.620|
Ci             |S<5>           |    9.653|
Ci             |S<6>           |   10.280|
Ci             |S<7>           |   12.136|
Ci             |S<8>           |   11.662|
Ci             |S<9>           |   12.259|
---------------+---------------+---------+

Analysis completed Mon Apr 18 21:11:05 2005
--------------------------------------------------------------------------------



Peak Memory Usage: 75 MB
