Release 7.1.01i - xst H.39
Copyright (c) 1995-2005 Xilinx, Inc.  All rights reserved.
--> Parameter TMPDIR set to __projnav
CPU : 0.00 / 1.41 s | Elapsed : 0.00 / 1.00 s
 
--> Parameter xsthdpdir set to ./xst
CPU : 0.00 / 1.41 s | Elapsed : 0.00 / 1.00 s
 
--> Reading design: graycounter.prj

TABLE OF CONTENTS
  1) Synthesis Options Summary
  2) HDL Compilation
  3) HDL Analysis
  4) HDL Synthesis
  5) Advanced HDL Synthesis
     5.1) HDL Synthesis Report
  6) Low Level Synthesis
  7) Final Report
     7.1) Device utilization summary
     7.2) TIMING REPORT


=========================================================================
*                      Synthesis Options Summary                        *
=========================================================================
---- Source Parameters
Input File Name                    : "graycounter.prj"
Input Format                       : mixed
Ignore Synthesis Constraint File   : NO

---- Target Parameters
Output File Name                   : "graycounter"
Output Format                      : NGC
Target Device                      : xc2v80-5-cs144

---- Source Options
Top Module Name                    : graycounter
Automatic FSM Extraction           : YES
FSM Encoding Algorithm             : Auto
FSM Style                          : lut
RAM Extraction                     : Yes
RAM Style                          : Auto
ROM Extraction                     : Yes
ROM Style                          : Auto
Mux Extraction                     : YES
Mux Style                          : Auto
Decoder Extraction                 : YES
Priority Encoder Extraction        : YES
Shift Register Extraction          : YES
Logical Shifter Extraction         : YES
XOR Collapsing                     : YES
Resource Sharing                   : YES
Multiplier Style                   : auto
Automatic Register Balancing       : No

---- Target Options
Add IO Buffers                     : YES
Global Maximum Fanout              : 500
Add Generic Clock Buffer(BUFG)     : 16
Register Duplication               : YES
Equivalent register Removal        : YES
Slice Packing                      : YES
Pack IO Registers into IOBs        : auto

---- General Options
Optimization Goal                  : Speed
Optimization Effort                : 1
Keep Hierarchy                     : NO
Global Optimization                : AllClockNets
RTL Output                         : Yes
Write Timing Constraints           : NO
Hierarchy Separator                : /
Bus Delimiter                      : <>
Case Specifier                     : maintain
Slice Utilization Ratio            : 100
Slice Utilization Ratio Delta      : 5

---- Other Options
lso                                : graycounter.lso
Read Cores                         : YES
cross_clock_analysis               : NO
verilog2001                        : YES
safe_implementation                : No
Optimize Instantiated Primitives   : NO
tristate2logic                     : Yes
use_clock_enable                   : Yes
use_sync_set                       : Yes
use_sync_reset                     : Yes
enable_auto_floorplanning          : No

=========================================================================


=========================================================================
*                          HDL Compilation                              *
=========================================================================
Compiling vhdl file "G:/xilinx/projects/lab2/graycounter/graycounter.vhf" in Library work.
Entity <FTCE_MXILINX_graycounter> compiled.
Entity <FTCE_MXILINX_graycounter> (Architecture <BEHAVIORAL>) compiled.
Entity <graycounter> compiled.
Entity <graycounter> (Architecture <BEHAVIORAL>) compiled.

=========================================================================
*                            HDL Analysis                               *
=========================================================================
Analyzing Entity <graycounter> (Architecture <BEHAVIORAL>).
    Set user-defined property "HU_SET =  XLXI_1_2" for instance <XLXI_1> in unit <graycounter>.
    Set user-defined property "HU_SET =  XLXI_2_1" for instance <XLXI_2> in unit <graycounter>.
    Set user-defined property "HU_SET =  XLXI_3_3" for instance <XLXI_3> in unit <graycounter>.
    Set user-defined property "HU_SET =  XLXI_4_0" for instance <XLXI_4> in unit <graycounter>.
Entity <graycounter> analyzed. Unit <graycounter> generated.

Analyzing Entity <FTCE_MXILINX_graycounter> (Architecture <behavioral>).
    Set user-defined property "INIT =  0" for instance <I_36_35> in unit <FTCE_MXILINX_graycounter>.
    Set user-defined property "RLOC =  X0Y0" for instance <I_36_35> in unit <FTCE_MXILINX_graycounter>.
Entity <FTCE_MXILINX_graycounter> analyzed. Unit <FTCE_MXILINX_graycounter> generated.


=========================================================================
*                           HDL Synthesis                               *
=========================================================================

Synthesizing Unit <FTCE_MXILINX_graycounter>.
    Related source file is "G:/xilinx/projects/lab2/graycounter/graycounter.vhf".
Unit <FTCE_MXILINX_graycounter> synthesized.


Synthesizing Unit <graycounter>.
    Related source file is "G:/xilinx/projects/lab2/graycounter/graycounter.vhf".
Unit <graycounter> synthesized.


=========================================================================
*                       Advanced HDL Synthesis                          *
=========================================================================

Advanced RAM inference ...
Advanced multiplier inference ...
Advanced Registered AddSub inference ...
Dynamic shift register inference ...

=========================================================================
HDL Synthesis Report

Found no macro
=========================================================================

=========================================================================
*                         Low Level Synthesis                           *
=========================================================================

Optimizing unit <graycounter> ...

Optimizing unit <FTCE_MXILINX_graycounter> ...
Loading device for application Rf_Device from file '2v80.nph' in environment G:/xilinx/ise71.

Mapping all equations...
Building and optimizing final netlist ...
Found area constraint ratio of 100 (+ 5) on block graycounter, actual ratio is 0.

=========================================================================
*                            Final Report                               *
=========================================================================
Final Results
RTL Top Level Output File Name     : graycounter.ngr
Top Level Output File Name         : graycounter
Output Format                      : NGC
Optimization Goal                  : Speed
Keep Hierarchy                     : NO

Design Statistics
# IOs                              : 7

Cell Usage :
# BELS                             : 14
#      AND3b2                      : 2
#      AND4b1                      : 3
#      AND4b3                      : 1
#      OR4                         : 1
#      XNOR4                       : 1
#      XOR2                        : 6
# FlipFlops/Latches                : 4
#      FDCE                        : 4
# Clock Buffers                    : 1
#      BUFGP                       : 1
# IO Buffers                       : 6
#      IBUF                        : 2
#      OBUF                        : 4
=========================================================================

Device utilization summary:
---------------------------

Selected Device : 2v80cs144-5 

 Number of Slices:                       4  out of    512     0%  
 Number of Slice Flip Flops:             4  out of   1024     0%  
 Number of bonded IOBs:                  7  out of     92     7%  
 Number of GCLKs:                        1  out of     16     6%  


=========================================================================
TIMING REPORT

NOTE: THESE TIMING NUMBERS ARE ONLY A SYNTHESIS ESTIMATE.
      FOR ACCURATE TIMING INFORMATION PLEASE REFER TO THE TRACE REPORT
      GENERATED AFTER PLACE-and-ROUTE.

Clock Information:
------------------
-----------------------------------+------------------------+-------+
Clock Signal                       | Clock buffer(FF name)  | Load  |
-----------------------------------+------------------------+-------+
CLK                                | BUFGP                  | 4     |
-----------------------------------+------------------------+-------+

Timing Summary:
---------------
Speed Grade: -5

   Minimum period: 4.062ns (Maximum Frequency: 246.184MHz)
   Minimum input arrival time before clock: 1.576ns
   Maximum output required time after clock: 5.140ns
   Maximum combinational path delay: No path found

Timing Detail:
--------------
All values displayed in nanoseconds (ns)

=========================================================================
Timing constraint: Default period analysis for Clock 'CLK'
  Clock period: 4.062ns (frequency: 246.184MHz)
  Total number of paths / destination ports: 32 / 4
-------------------------------------------------------------------------
Delay:               4.062ns (Levels of Logic = 4)
  Source:            XLXI_4/I_36_35 (FF)
  Destination:       XLXI_2/I_36_35 (FF)
  Source Clock:      CLK rising
  Destination Clock: CLK rising

  Data Path: XLXI_4/I_36_35 to XLXI_2/I_36_35
                                Gate     Net
    Cell:in->out      fanout   Delay   Delay  Logical Name (Net Name)
    ----------------------------------------  ------------
     FDCE:C->Q             9   0.494   0.750  I_36_35 (Q)
     end scope: 'XLXI_4'
     XOR2:I0->O            1   0.382   0.450  XLXI_32 (XLXN_39)
     AND3b2:I2->O          1   0.382   0.450  XLXI_33 (XLXN_41)
     begin scope: 'XLXI_4'
     XOR2:I0->O            1   0.382   0.450  I_36_32 (TQ)
     FDCE:D                    0.322          I_36_35
    ----------------------------------------
    Total                      4.062ns (1.962ns logic, 2.100ns route)
                                       (48.3% logic, 51.7% route)

=========================================================================
Timing constraint: Default OFFSET IN BEFORE for Clock 'CLK'
  Total number of paths / destination ports: 4 / 4
-------------------------------------------------------------------------
Offset:              1.576ns (Levels of Logic = 2)
  Source:            CLK_CE (PAD)
  Destination:       XLXI_1/I_36_35 (FF)
  Destination Clock: CLK rising

  Data Path: CLK_CE to XLXI_1/I_36_35
                                Gate     Net
    Cell:in->out      fanout   Delay   Delay  Logical Name (Net Name)
    ----------------------------------------  ------------
     IBUF:I->O             4   0.718   0.650  CLK_CE_IBUF (CLK_CE_IBUF)
     begin scope: 'XLXI_1'
     FDCE:CE                   0.208          I_36_35
    ----------------------------------------
    Total                      1.576ns (0.926ns logic, 0.650ns route)
                                       (58.8% logic, 41.2% route)

=========================================================================
Timing constraint: Default OFFSET OUT AFTER for Clock 'CLK'
  Total number of paths / destination ports: 4 / 4
-------------------------------------------------------------------------
Offset:              5.140ns (Levels of Logic = 2)
  Source:            XLXI_4/I_36_35 (FF)
  Destination:       D<3> (PAD)
  Source Clock:      CLK rising

  Data Path: XLXI_4/I_36_35 to D<3>
                                Gate     Net
    Cell:in->out      fanout   Delay   Delay  Logical Name (Net Name)
    ----------------------------------------  ------------
     FDCE:C->Q             9   0.494   0.750  I_36_35 (Q)
     end scope: 'XLXI_4'
     OBUF:I->O                 3.896          D_3_OBUF (D<3>)
    ----------------------------------------
    Total                      5.140ns (4.390ns logic, 0.750ns route)
                                       (85.4% logic, 14.6% route)

=========================================================================
CPU : 6.32 / 7.88 s | Elapsed : 6.00 / 7.00 s
 
--> 

Total memory usage is 95192 kilobytes

Number of errors   :    0 (   0 filtered)
Number of warnings :    0 (   0 filtered)
Number of infos    :    0 (   0 filtered)

