
================================================================================

Section Cross References

    printToPort.o(.text) refers to printToPort.o(.bss) for .bss
    interrupt_handler.o(.text) refers to printToPort.o(.text) for printToPort
    reset_vectors.o(reset_vectors) refers to init.o(Init2) for Reset_Handler
    reset_vectors.o(reset_vectors) refers to interrupt_handler.o(.text) for interrupt_handler
    reset_vectors.o(reset_vectors) refers to reset_vectors.o(irq_vectors2) for FIQ_Stack
    reset_vectors.o(irq_vectors2) refers (Special) to init.o(Init2) for Abort_Handler
    init.o(Init2) refers to a946_pxCoreLib.o(.text) for pxDisableInterrupts
    init.o(Init2) refers to MAC_test.o(.text) for TestMain
    init.o(Init2) refers to reset_vectors.o(reset_vectors) for Boot
    init.o(Init2) refers to init.o(Stacks) for IRQStackBase
    init.o(Stacks) refers (Special) to a946_pxCoreLib.o(.text) for pxSetIsr
    a946_pxCoreLib.o(.text) refers to a946_pxCoreLib.o(.bss) for .bss
    MAC_test.o(.text) refers to MAC_test.o(.bss) for .bss
    MAC_test.o(.text) refers to MAC_test.o(.data) for .data
    MAC_test.o(.text) refers to rt_memcpy.o(.text) for __rt_memcpy
    MAC_test.o(.text) refers to retarget.o(.text) for WriteDebuggerWindow
    MAC_test.o(.text) refers to MAC_test.o(.constdata) for .constdata
    MAC_test.o(.text) refers (Special) to use_no_semi.o(.text) for __use_no_semihosting_swi
    MAC_test.o(.data) refers (Special) to use_no_semi.o(.text) for __use_no_semihosting_swi
    MAC_test.o(.constdata) refers (Special) to use_no_semi.o(.text) for __use_no_semihosting_swi
    MAC_test.o(.bss) refers (Special) to use_no_semi.o(.text) for __use_no_semihosting_swi
    rt_memcpy.o(.text) refers to rt_memcpy_w.o(.text) for _memcpy_lastbytes


================================================================================

Memory Map of the image

  Image Entry point : 0x00000000

  Load Region LOAD_SRAM (Base: 0x00000000, Size: 0x00001a94, Max: 0x00400000, ABSOLUTE)

    Execution Region EXEC_SRAM (Base: 0x00000000, Size: 0x00001ba4, Max: 0x00400000, ABSOLUTE)

    Base Addr    Size         Type   Attr  Idx  E Section Name        Object

    0x00000000   0x00000068   Code   RO    21   * reset_vectors       reset_vectors.o
    0x00000068   0x00000018   Code   RO     1     .text               printToPort.o
    0x00000080   0x00000058   Code   RO    12     .text               interrupt_handler.o
    0x000000d8   0x0000003c   Code   RO    31     .text               retarget.o
    0x00000114   0x0000012c   Code   RO    44     .text               a946_pxCoreLib.o
    0x00000240   0x00000364   Code   RO    58     .text               MAC_test.o
    0x000005a4   0x000000b4   Code   RO    74     .text               rt_memcpy.o(c_a__un.l)
    0x00000658   0x00000004   Code   RO    76     .text               use_no_semi.o(c_a__un.l)
    0x0000065c   0x0000006c   Code   RO    78     .text               rt_memcpy_w.o(c_a__un.l)
    0x000006c8   0x000000cc   Code   RO    26     Init2               init.o
    0x00000794   0x00000100   Data   RO    60     .constdata          MAC_test.o
    0x00000894   0x00000400   Data   RW    59     .data               MAC_test.o
    0x00000c94   0x00000200   Data   RW    27     Stacks              init.o
    0x00000e94   0x00000c00   Data   RW    22     irq_vectors2        reset_vectors.o
    0x00001a94   0x00000004   Zero   RW     2     .bss                printToPort.o
    0x00001a98   0x00000008   Zero   RW    45     .bss                a946_pxCoreLib.o
    0x00001aa0   0x00000102   Zero   RW    61     .bss                MAC_test.o



  Load Region LR$$Debug (Base: 0x00000000, Size: 0x00000000, Max: 0xffffffff, ABSOLUTE)

    Execution Region ER$$Debug (Base: 0x00000000, Size: 0x00000000, Max: 0xffffffff, ABSOLUTE)

    Base Addr    Size         Type   Attr  Idx  E Section Name        Object

    0x00000000   0x000003ec   Dbug   RW    11     .debug_abbrev       printToPort.o
    0x000003ec   0x00000010   Dbug   RW    25     .debug_abbrev       reset_vectors.o
    0x000003fc   0x00000010   Dbug   RW    30     .debug_abbrev       init.o
    0x00000000   0x0000003c   Dbug   RW    10     .debug_frame        printToPort.o
    0x0000003c   0x0000004c   Dbug   RW    20     .debug_frame        interrupt_handler.o
    0x00000088   0x00000084   Dbug   RW    39     .debug_frame        retarget.o
    0x0000010c   0x000000b0   Dbug   RW    54     .debug_frame        a946_pxCoreLib.o
    0x000001bc   0x000000d4   Dbug   RW    70     .debug_frame        MAC_test.o
    0x00000290   0x0000003c   Dbug   RW    75     .debug_frame        rt_memcpy.o(c_a__un.l)
    0x000002cc   0x00000044   Dbug   RW    77     .debug_frame        use_no_semi.o(c_a__un.l)
    0x00000310   0x00000054   Dbug   RW    79     .debug_frame        rt_memcpy_w.o(c_a__un.l)
    0x00000000   0x000000e4   Dbug   RW     7     .debug_info         printToPort.o
    0x000000e4   0x00000144   Dbug   RW    17     .debug_info         interrupt_handler.o
    0x00000228   0x0000008c   Dbug   RW    23     .debug_info         reset_vectors.o
    0x000002b4   0x00000080   Dbug   RW    28     .debug_info         init.o
    0x00000334   0x00000180   Dbug   RW    41     .debug_info         retarget.o
    0x000004b4   0x000001b8   Dbug   RW    36     .debug_info         retarget.o
    0x0000066c   0x000000bc   Dbug   RW    47     .debug_info         a946_pxCoreLib.o
    0x00000728   0x00000270   Dbug   RW    51     .debug_info         a946_pxCoreLib.o
    0x00000998   0x000000e4   Dbug   RW    63     .debug_info         MAC_test.o
    0x00000a7c   0x0000040c   Dbug   RW    67     .debug_info         MAC_test.o
    0x00000e88   0x00000098   Dbug   RW    72     .debug_info         MAC_test.o
    0x00000000   0x00000074   Dbug   RW     6     .debug_line         printToPort.o
    0x00000074   0x00000084   Dbug   RW    16     .debug_line         interrupt_handler.o
    0x000000f8   0x00000088   Dbug   RW    24     .debug_line         reset_vectors.o
    0x00000180   0x00000098   Dbug   RW    29     .debug_line         init.o
    0x00000218   0x00000084   Dbug   RW    35     .debug_line         retarget.o
    0x0000029c   0x00000054   Dbug   RW    40     .debug_line         retarget.o
    0x000002f0   0x00000098   Dbug   RW    46     .debug_line         a946_pxCoreLib.o
    0x00000388   0x000000d0   Dbug   RW    50     .debug_line         a946_pxCoreLib.o
    0x00000458   0x00000094   Dbug   RW    62     .debug_line         MAC_test.o
    0x000004ec   0x00000108   Dbug   RW    66     .debug_line         MAC_test.o
    0x00000000   0x0000003c   Dbug   RW     9     .debug_loc          printToPort.o
    0x0000003c   0x0000004c   Dbug   RW    19     .debug_loc          interrupt_handler.o
    0x00000088   0x0000011c   Dbug   RW    38     .debug_loc          retarget.o
    0x000001a4   0x0000018c   Dbug   RW    53     .debug_loc          a946_pxCoreLib.o
    0x00000330   0x000002f4   Dbug   RW    69     .debug_loc          MAC_test.o
    0x00000000   0x00000010   Dbug   RW    43     .debug_macinfo      retarget.o
    0x00000010   0x000001b0   Dbug   RW    49     .debug_macinfo      a946_pxCoreLib.o
    0x000001c0   0x00000184   Dbug   RW    65     .debug_macinfo      MAC_test.o
    0x00000000   0x00000024   Dbug   RW     8     .debug_pubnames     printToPort.o
    0x00000024   0x00000028   Dbug   RW    18     .debug_pubnames     interrupt_handler.o
    0x0000004c   0x00000064   Dbug   RW    37     .debug_pubnames     retarget.o
    0x000000b0   0x00000060   Dbug   RW    42     .debug_pubnames     retarget.o
    0x00000110   0x00000030   Dbug   RW    48     .debug_pubnames     a946_pxCoreLib.o
    0x00000140   0x0000007c   Dbug   RW    52     .debug_pubnames     a946_pxCoreLib.o
    0x000001bc   0x0000003c   Dbug   RW    64     .debug_pubnames     MAC_test.o
    0x000001f8   0x0000005c   Dbug   RW    68     .debug_pubnames     MAC_test.o
    0x00000254   0x00000020   Dbug   RW    73     .debug_pubnames     MAC_test.o


================================================================================

Image component sizes


      Code    RO Data    RW Data    ZI Data      Debug   

      1648        256       4608        270      10124   Object Totals
       292          0          0          0        212   Library Totals

================================================================================


      Code    RO Data    RW Data    ZI Data      Debug   

      1940        256       4608        270      10336   Grand Totals

================================================================================

    Total RO  Size(Code + RO Data)                 2196 (   2.14kB)
    Total RW  Size(RW Data + ZI Data)              4878 (   4.76kB)
    Total ROM Size(Code + RO Data + RW Data)       6804 (   6.64kB)

================================================================================

